Category: 数字高清, Name: CGTN英语, Total: 1, Valid: 0, Valid Percent: 0.00%, IPv4: 1, IPv6: 0, Min Delay: -1 ms, Max Speed: 0.00 M/s, Avg Speed: 0.00 M/s, Max Resolution: None
Category: 数字高清, Name: 文物宝库, Total: 1, Valid: 0, Valid Percent: 0.00%, IPv4: 1, IPv6: 0, Min Delay: -1 ms, Max Speed: 0.00 M/s, Avg Speed: 0.00 M/s, Max Resolution: None
Category: 数字高清, Name: 梨园频道, Total: 1, Valid: 0, Valid Percent: 0.00%, IPv4: 1, IPv6: 0, Min Delay: -1 ms, Max Speed: 0.00 M/s, Avg Speed: 0.00 M/s, Max Resolution: None
Category: 数字高清, Name: 河北4K, Total: 1, Valid: 0, Valid Percent: 0.00%, IPv4: 1, IPv6: 0, Min Delay: -1 ms, Max Speed: 0.00 M/s, Avg Speed: 0.00 M/s, Max Resolution: None
Category: 数字高清, Name: 苏州4K, Total: 2, Valid: 1, Valid Percent: 50.00%, IPv4: 2, IPv6: 0, Min Delay: 3381 ms, Max Speed: 0.36 M/s, Avg Speed: 0.36 M/s, Max Resolution: 3840x2160
Category: 央视频道, Name: CCTV-1, Total: 19, Valid: 5, Valid Percent: 26.32%, IPv4: 19, IPv6: 0, Min Delay: 355 ms, Max Speed: 8.64 M/s, Avg Speed: 3.82 M/s, Max Resolution: 1920x1080
Category: 央视频道, Name: CCTV-2, Total: 16, Valid: 5, Valid Percent: 31.25%, IPv4: 16, IPv6: 0, Min Delay: 321 ms, Max Speed: 9.76 M/s, Avg Speed: 5.04 M/s, Max Resolution: 1920x1080
Category: 央视频道, Name: CCTV-3, Total: 17, Valid: 4, Valid Percent: 23.53%, IPv4: 17, IPv6: 0, Min Delay: 506 ms, Max Speed: 8.47 M/s, Avg Speed: 5.68 M/s, Max Resolution: 1920x1080
Category: 央视频道, Name: CCTV-4, Total: 20, Valid: 6, Valid Percent: 30.00%, IPv4: 20, IPv6: 0, Min Delay: 320 ms, Max Speed: 8.88 M/s, Avg Speed: 2.51 M/s, Max Resolution: 1920x1080
Category: 央视频道, Name: CCTV-5, Total: 20, Valid: 5, Valid Percent: 25.00%, IPv4: 20, IPv6: 0, Min Delay: 1030 ms, Max Speed: 2.40 M/s, Avg Speed: 0.65 M/s, Max Resolution: 1920x1080
Category: 央视频道, Name: CCTV-5+, Total: 15, Valid: 1, Valid Percent: 6.67%, IPv4: 15, IPv6: 0, Min Delay: 288 ms, Max Speed: 2.58 M/s, Avg Speed: 2.58 M/s, Max Resolution: 1280x720
Category: 央视频道, Name: CCTV-6, Total: 19, Valid: 6, Valid Percent: 31.58%, IPv4: 19, IPv6: 0, Min Delay: 372 ms, Max Speed: 5.03 M/s, Avg Speed: 3.34 M/s, Max Resolution: 1920x1080
Category: 央视频道, Name: CCTV-7, Total: 18, Valid: 5, Valid Percent: 27.78%, IPv4: 18, IPv6: 0, Min Delay: 565 ms, Max Speed: 9.32 M/s, Avg Speed: 2.16 M/s, Max Resolution: 1920x1080
Category: 央视频道, Name: CCTV-8, Total: 22, Valid: 7, Valid Percent: 31.82%, IPv4: 22, IPv6: 0, Min Delay: 304 ms, Max Speed: 10.28 M/s, Avg Speed: 2.47 M/s, Max Resolution: 1920x1080
Category: 央视频道, Name: CCTV-9, Total: 20, Valid: 6, Valid Percent: 30.00%, IPv4: 20, IPv6: 0, Min Delay: 471 ms, Max Speed: 8.56 M/s, Avg Speed: 5.07 M/s, Max Resolution: 1920x1080
Category: 央视频道, Name: CCTV-10, Total: 19, Valid: 5, Valid Percent: 26.32%, IPv4: 19, IPv6: 0, Min Delay: 354 ms, Max Speed: 3.20 M/s, Avg Speed: 1.06 M/s, Max Resolution: 1920x1080
Category: 央视频道, Name: CCTV-11, Total: 19, Valid: 5, Valid Percent: 26.32%, IPv4: 19, IPv6: 0, Min Delay: 393 ms, Max Speed: 5.40 M/s, Avg Speed: 2.52 M/s, Max Resolution: 1920x1080
Category: 央视频道, Name: CCTV-12, Total: 18, Valid: 6, Valid Percent: 33.33%, IPv4: 18, IPv6: 0, Min Delay: 340 ms, Max Speed: 7.74 M/s, Avg Speed: 2.55 M/s, Max Resolution: 1920x1080
Category: 央视频道, Name: CCTV-13, Total: 19, Valid: 4, Valid Percent: 21.05%, IPv4: 19, IPv6: 0, Min Delay: 381 ms, Max Speed: 4.48 M/s, Avg Speed: 1.55 M/s, Max Resolution: 1280x720
Category: 央视频道, Name: CCTV-14, Total: 18, Valid: 5, Valid Percent: 27.78%, IPv4: 18, IPv6: 0, Min Delay: 359 ms, Max Speed: 8.67 M/s, Avg Speed: 4.01 M/s, Max Resolution: 1920x1080
Category: 央视频道, Name: CCTV-15, Total: 19, Valid: 6, Valid Percent: 31.58%, IPv4: 19, IPv6: 0, Min Delay: 418 ms, Max Speed: 8.86 M/s, Avg Speed: 3.86 M/s, Max Resolution: 1920x1080
Category: 央视频道, Name: CCTV-16, Total: 18, Valid: 4, Valid Percent: 22.22%, IPv4: 18, IPv6: 0, Min Delay: 743 ms, Max Speed: 1.44 M/s, Avg Speed: 0.48 M/s, Max Resolution: 1920x1080
Category: 央视频道, Name: CETV-2, Total: 1, Valid: 0, Valid Percent: 0.00%, IPv4: 1, IPv6: 0, Min Delay: -1 ms, Max Speed: 0.00 M/s, Avg Speed: 0.00 M/s, Max Resolution: None
Category: 央视频道, Name: CCTV-17, Total: 17, Valid: 5, Valid Percent: 29.41%, IPv4: 17, IPv6: 0, Min Delay: 42 ms, Max Speed: 132.95 M/s, Avg Speed: 50.93 M/s, Max Resolution: 1920x1080
Category: 央视频道, Name: CGTN纪录, Total: 3, Valid: 0, Valid Percent: 0.00%, IPv4: 3, IPv6: 0, Min Delay: -1 ms, Max Speed: 0.00 M/s, Avg Speed: 0.00 M/s, Max Resolution: None
Category: 央视频道, Name: CGTN, Total: 6, Valid: 0, Valid Percent: 0.00%, IPv4: 6, IPv6: 0, Min Delay: -1 ms, Max Speed: 0.00 M/s, Avg Speed: 0.00 M/s, Max Resolution: None
Category: 央视频道, Name: CETV-1, Total: 9, Valid: 3, Valid Percent: 33.33%, IPv4: 9, IPv6: 0, Min Delay: 669 ms, Max Speed: 7.58 M/s, Avg Speed: 7.32 M/s, Max Resolution: 1920x1080
Category: 卫视频道, Name: 北京卫视, Total: 18, Valid: 3, Valid Percent: 16.67%, IPv4: 18, IPv6: 0, Min Delay: 705 ms, Max Speed: 7.01 M/s, Avg Speed: 6.30 M/s, Max Resolution: 1920x1080
Category: 卫视频道, Name: 东方卫视, Total: 16, Valid: 7, Valid Percent: 43.75%, IPv4: 16, IPv6: 0, Min Delay: 235 ms, Max Speed: 8.76 M/s, Avg Speed: 4.62 M/s, Max Resolution: 1920x1080
Category: 卫视频道, Name: 浙江卫视, Total: 12, Valid: 4, Valid Percent: 33.33%, IPv4: 12, IPv6: 0, Min Delay: 490 ms, Max Speed: 10.13 M/s, Avg Speed: 6.78 M/s, Max Resolution: 1920x1080
Category: 卫视频道, Name: 湖南卫视, Total: 20, Valid: 7, Valid Percent: 35.00%, IPv4: 20, IPv6: 0, Min Delay: 295 ms, Max Speed: 8.64 M/s, Avg Speed: 3.50 M/s, Max Resolution: 3840x2160
Category: 卫视频道, Name: 湖北卫视, Total: 12, Valid: 2, Valid Percent: 16.67%, IPv4: 12, IPv6: 0, Min Delay: 275 ms, Max Speed: 8.85 M/s, Avg Speed: 5.21 M/s, Max Resolution: 1920x1080
Category: 卫视频道, Name: 黑龙江卫视, Total: 15, Valid: 5, Valid Percent: 33.33%, IPv4: 15, IPv6: 0, Min Delay: 509 ms, Max Speed: 9.34 M/s, Avg Speed: 3.18 M/s, Max Resolution: 1920x1080
Category: 卫视频道, Name: 海南卫视, Total: 11, Valid: 1, Valid Percent: 9.09%, IPv4: 11, IPv6: 0, Min Delay: 3055 ms, Max Speed: 0.56 M/s, Avg Speed: 0.56 M/s, Max Resolution: 1920x1080
Category: 卫视频道, Name: 河北卫视, Total: 13, Valid: 3, Valid Percent: 23.08%, IPv4: 13, IPv6: 0, Min Delay: 672 ms, Max Speed: 6.56 M/s, Avg Speed: 2.36 M/s, Max Resolution: 1920x1080
Category: 卫视频道, Name: 江苏卫视, Total: 15, Valid: 4, Valid Percent: 26.67%, IPv4: 15, IPv6: 0, Min Delay: 471 ms, Max Speed: 9.23 M/s, Avg Speed: 4.54 M/s, Max Resolution: 1920x1080
Category: 卫视频道, Name: 山东卫视, Total: 15, Valid: 4, Valid Percent: 26.67%, IPv4: 15, IPv6: 0, Min Delay: 557 ms, Max Speed: 8.36 M/s, Avg Speed: 4.51 M/s, Max Resolution: 1920x1080
Category: 卫视频道, Name: 陕西卫视, Total: 12, Valid: 4, Valid Percent: 33.33%, IPv4: 12, IPv6: 0, Min Delay: 68 ms, Max Speed: 65.23 M/s, Avg Speed: 22.17 M/s, Max Resolution: 1920x1080
Category: 卫视频道, Name: 深圳卫视, Total: 15, Valid: 5, Valid Percent: 33.33%, IPv4: 15, IPv6: 0, Min Delay: 514 ms, Max Speed: 8.80 M/s, Avg Speed: 4.61 M/s, Max Resolution: 1920x1080
Category: 卫视频道, Name: 广东卫视, Total: 14, Valid: 4, Valid Percent: 28.57%, IPv4: 14, IPv6: 0, Min Delay: 4 ms, Max Speed: 214.72 M/s, Avg Speed: 59.62 M/s, Max Resolution: 1920x1080
Category: 卫视频道, Name: 兵团卫视, Total: 5, Valid: 0, Valid Percent: 0.00%, IPv4: 5, IPv6: 0, Min Delay: -1 ms, Max Speed: 0.00 M/s, Avg Speed: 0.00 M/s, Max Resolution: None
Category: 卫视频道, Name: 安徽卫视, Total: 14, Valid: 5, Valid Percent: 35.71%, IPv4: 14, IPv6: 0, Min Delay: 295 ms, Max Speed: 7.42 M/s, Avg Speed: 3.47 M/s, Max Resolution: 1920x1080
Category: 卫视频道, Name: 重庆卫视, Total: 12, Valid: 2, Valid Percent: 16.67%, IPv4: 12, IPv6: 0, Min Delay: 453 ms, Max Speed: 8.57 M/s, Avg Speed: 8.54 M/s, Max Resolution: 1920x1080
Category: 卫视频道, Name: 东南卫视, Total: 14, Valid: 3, Valid Percent: 21.43%, IPv4: 14, IPv6: 0, Min Delay: 524 ms, Max Speed: 9.37 M/s, Avg Speed: 5.94 M/s, Max Resolution: 1920x1080
Category: 卫视频道, Name: 甘肃卫视, Total: 11, Valid: 3, Valid Percent: 27.27%, IPv4: 11, IPv6: 0, Min Delay: 547 ms, Max Speed: 7.82 M/s, Avg Speed: 4.33 M/s, Max Resolution: 1920x1080
Category: 卫视频道, Name: 广西卫视, Total: 11, Valid: 4, Valid Percent: 36.36%, IPv4: 11, IPv6: 0, Min Delay: 511 ms, Max Speed: 8.06 M/s, Avg Speed: 3.76 M/s, Max Resolution: 1920x1080
Category: 卫视频道, Name: 贵州卫视, Total: 14, Valid: 5, Valid Percent: 35.71%, IPv4: 14, IPv6: 0, Min Delay: 41 ms, Max Speed: 130.83 M/s, Avg Speed: 31.46 M/s, Max Resolution: 1920x1080
Category: 卫视频道, Name: 河南卫视, Total: 16, Valid: 5, Valid Percent: 31.25%, IPv4: 16, IPv6: 0, Min Delay: 461 ms, Max Speed: 8.97 M/s, Avg Speed: 3.82 M/s, Max Resolution: 1920x1080
Category: 卫视频道, Name: 吉林卫视, Total: 11, Valid: 3, Valid Percent: 27.27%, IPv4: 11, IPv6: 0, Min Delay: 490 ms, Max Speed: 9.16 M/s, Avg Speed: 6.01 M/s, Max Resolution: 1920x1080
Category: 卫视频道, Name: 江西卫视, Total: 15, Valid: 5, Valid Percent: 33.33%, IPv4: 15, IPv6: 0, Min Delay: 41 ms, Max Speed: 132.36 M/s, Avg Speed: 30.04 M/s, Max Resolution: 1920x1080
Category: 卫视频道, Name: 辽宁卫视, Total: 15, Valid: 5, Valid Percent: 33.33%, IPv4: 15, IPv6: 0, Min Delay: 348 ms, Max Speed: 9.81 M/s, Avg Speed: 5.70 M/s, Max Resolution: 1920x1080
Category: 卫视频道, Name: 内蒙古卫视, Total: 13, Valid: 5, Valid Percent: 38.46%, IPv4: 13, IPv6: 0, Min Delay: 39 ms, Max Speed: 125.90 M/s, Avg Speed: 39.71 M/s, Max Resolution: 1920x1080
Category: 卫视频道, Name: 宁夏卫视, Total: 11, Valid: 5, Valid Percent: 45.45%, IPv4: 11, IPv6: 0, Min Delay: 36 ms, Max Speed: 152.72 M/s, Avg Speed: 86.67 M/s, Max Resolution: 1920x1080
Category: 卫视频道, Name: 青海卫视, Total: 7, Valid: 2, Valid Percent: 28.57%, IPv4: 7, IPv6: 0, Min Delay: 441 ms, Max Speed: 8.32 M/s, Avg Speed: 7.39 M/s, Max Resolution: 1920x1080
Category: 卫视频道, Name: 山西卫视, Total: 11, Valid: 6, Valid Percent: 54.55%, IPv4: 11, IPv6: 0, Min Delay: 35 ms, Max Speed: 145.04 M/s, Avg Speed: 47.80 M/s, Max Resolution: 1920x1080
Category: 卫视频道, Name: 四川卫视, Total: 14, Valid: 5, Valid Percent: 35.71%, IPv4: 14, IPv6: 0, Min Delay: 37 ms, Max Speed: 146.58 M/s, Avg Speed: 50.61 M/s, Max Resolution: 1920x1080
Category: 卫视频道, Name: 天津卫视, Total: 10, Valid: 3, Valid Percent: 30.00%, IPv4: 10, IPv6: 0, Min Delay: 1047 ms, Max Speed: 0.66 M/s, Avg Speed: 0.62 M/s, Max Resolution: 1920x1080
Category: 卫视频道, Name: 西藏卫视, Total: 12, Valid: 4, Valid Percent: 33.33%, IPv4: 12, IPv6: 0, Min Delay: 33 ms, Max Speed: 157.73 M/s, Avg Speed: 42.12 M/s, Max Resolution: 1920x1080
Category: 卫视频道, Name: 新疆卫视, Total: 11, Valid: 5, Valid Percent: 45.45%, IPv4: 11, IPv6: 0, Min Delay: 51 ms, Max Speed: 103.08 M/s, Avg Speed: 22.23 M/s, Max Resolution: 1920x1080
Category: 地方频道, Name: 茶友频道, Total: 1, Valid: 0, Valid Percent: 0.00%, IPv4: 1, IPv6: 0, Min Delay: -1 ms, Max Speed: 0.00 M/s, Avg Speed: 0.00 M/s, Max Resolution: None
Category: 地方频道, Name: 江苏新闻, Total: 1, Valid: 0, Valid Percent: 0.00%, IPv4: 1, IPv6: 0, Min Delay: -1 ms, Max Speed: 0.00 M/s, Avg Speed: 0.00 M/s, Max Resolution: None
Category: 卫视频道, Name: 云南卫视, Total: 14, Valid: 2, Valid Percent: 14.29%, IPv4: 14, IPv6: 0, Min Delay: 509 ms, Max Speed: 9.43 M/s, Avg Speed: 8.50 M/s, Max Resolution: 1920x1080
Category: 地方频道, Name: 快乐垂钓, Total: 2, Valid: 0, Valid Percent: 0.00%, IPv4: 2, IPv6: 0, Min Delay: -1 ms, Max Speed: 0.00 M/s, Avg Speed: 0.00 M/s, Max Resolution: None
Category: 地方频道, Name: 浙江新闻, Total: 2, Valid: 1, Valid Percent: 50.00%, IPv4: 2, IPv6: 0, Min Delay: 1729 ms, Max Speed: 0.07 M/s, Avg Speed: 0.07 M/s, Max Resolution: 640x360
Category: 环球频道, Name: 凤凰中文, Total: 4, Valid: 1, Valid Percent: 25.00%, IPv4: 4, IPv6: 0, Min Delay: 508 ms, Max Speed: 0.08 M/s, Avg Speed: 0.08 M/s, Max Resolution: 1280x720
Category: 环球频道, Name: 翡翠台, Total: 3, Valid: 0, Valid Percent: 0.00%, IPv4: 3, IPv6: 0, Min Delay: -1 ms, Max Speed: 0.00 M/s, Avg Speed: 0.00 M/s, Max Resolution: None
Category: 地方频道, Name: 北京纪实, Total: 2, Valid: 0, Valid Percent: 0.00%, IPv4: 2, IPv6: 0, Min Delay: -1 ms, Max Speed: 0.00 M/s, Avg Speed: 0.00 M/s, Max Resolution: None
Category: 地方频道, Name: 辽宁影视, Total: 1, Valid: 1, Valid Percent: 100.00%, IPv4: 1, IPv6: 0, Min Delay: 1987 ms, Max Speed: 0.07 M/s, Avg Speed: 0.07 M/s, Max Resolution: None
Category: 地方频道, Name: 广州综合, Total: 3, Valid: 3, Valid Percent: 100.00%, IPv4: 3, IPv6: 0, Min Delay: 1784 ms, Max Speed: 0.34 M/s, Avg Speed: 0.25 M/s, Max Resolution: 1280x720
Category: 动漫频道, Name: 嘉佳卡通, Total: 1, Valid: 0, Valid Percent: 0.00%, IPv4: 1, IPv6: 0, Min Delay: -1 ms, Max Speed: 0.00 M/s, Avg Speed: 0.00 M/s, Max Resolution: None
Category: 动漫频道, Name: 广东少儿, Total: 1, Valid: 0, Valid Percent: 0.00%, IPv4: 1, IPv6: 0, Min Delay: -1 ms, Max Speed: 0.00 M/s, Avg Speed: 0.00 M/s, Max Resolution: None
Category: 动漫频道, Name: 福建少儿, Total: 1, Valid: 0, Valid Percent: 0.00%, IPv4: 1, IPv6: 0, Min Delay: -1 ms, Max Speed: 0.00 M/s, Avg Speed: 0.00 M/s, Max Resolution: None
Category: 动漫频道, Name: 动漫秀场, Total: 3, Valid: 0, Valid Percent: 0.00%, IPv4: 3, IPv6: 0, Min Delay: -1 ms, Max Speed: 0.00 M/s, Avg Speed: 0.00 M/s, Max Resolution: None
Category: 地方频道, Name: 上海纪实, Total: 2, Valid: 0, Valid Percent: 0.00%, IPv4: 2, IPv6: 0, Min Delay: -1 ms, Max Speed: 0.00 M/s, Avg Speed: 0.00 M/s, Max Resolution: None
Category: 动漫频道, Name: 浙江少儿, Total: 2, Valid: 1, Valid Percent: 50.00%, IPv4: 2, IPv6: 0, Min Delay: 2453 ms, Max Speed: 0.05 M/s, Avg Speed: 0.05 M/s, Max Resolution: 640x360
Category: 动漫频道, Name: 宁夏少儿, Total: 1, Valid: 0, Valid Percent: 0.00%, IPv4: 1, IPv6: 0, Min Delay: -1 ms, Max Speed: 0.00 M/s, Avg Speed: 0.00 M/s, Max Resolution: None
Category: 动漫频道, Name: 河北少儿, Total: 1, Valid: 1, Valid Percent: 100.00%, IPv4: 1, IPv6: 0, Min Delay: 2100 ms, Max Speed: 0.31 M/s, Avg Speed: 0.31 M/s, Max Resolution: 960x540
Category: 动漫频道, Name: 海南少儿, Total: 1, Valid: 1, Valid Percent: 100.00%, IPv4: 1, IPv6: 0, Min Delay: 1888 ms, Max Speed: 0.34 M/s, Avg Speed: 0.34 M/s, Max Resolution: 1280x720
Category: 地方频道, Name: 辽宁都市, Total: 2, Valid: 1, Valid Percent: 50.00%, IPv4: 2, IPv6: 0, Min Delay: 10173 ms, Max Speed: 0.05 M/s, Avg Speed: 0.05 M/s, Max Resolution: None
Category: 动漫频道, Name: 金鹰卡通, Total: 7, Valid: 0, Valid Percent: 0.00%, IPv4: 7, IPv6: 0, Min Delay: -1 ms, Max Speed: 0.00 M/s, Avg Speed: 0.00 M/s, Max Resolution: None
Category: 动漫频道, Name: 哈哈炫动, Total: 5, Valid: 0, Valid Percent: 0.00%, IPv4: 5, IPv6: 0, Min Delay: -1 ms, Max Speed: 0.00 M/s, Avg Speed: 0.00 M/s, Max Resolution: None
